// Jest Snapshot v1, https://goo.gl/fbAQLP

exports[`components - App render should render correctly 1`] = `
<Connect(ConnectedRouterWithContext)
  history={
    Object {
      "action": "POP",
      "block": [Function],
      "createHref": [Function],
      "go": [Function],
      "goBack": [Function],
      "goForward": [Function],
      "length": 1,
      "listen": [Function],
      "location": Object {
        "hash": "",
        "pathname": "/",
        "search": "",
        "state": undefined,
      },
      "push": [Function],
      "replace": [Function],
    }
  }
>
  <div
    className="App"
  >
    <a
      className="usa-skipnav z-500"
      href="#main-content"
    >
      Skip to main content
    </a>
    <div
      className="width-full menu-banner-header"
    >
      <OfficialBanner
        isDark={true}
      />
      <withRouter(Connect(Menu)) />
    </div>
    <Switch>
      <Route
        component={[Function]}
        exact={true}
        path="/"
      />
      <Route
        component={[Function]}
        path="/agencies"
      />
      <Route
        component={[Function]}
        path="/agency-compliance"
      />
      <Route
        component={[Function]}
        path="/privacy-policy"
      />
      <Route
        component={[Function]}
        path="/roadmap"
      />
      <Route
        component={[Function]}
        path="/about"
      />
      <Redirect
        to="/"
      />
    </Switch>
    <Connect(Footer) />
  </div>
</Connect(ConnectedRouterWithContext)>
`;
